AirHealth Firmware Initialization Report
Generated at: 2026-03-28 22:47:35 PDT

Status: READY

Inputs
- EE design spec: /Users/haohua/coding/AirHealth/HW/EE/EE_Design_Spec_v0.5.md
- MCU target: nRF5340-class BLE SoC / MCU
- Vendor: Nordic
- Expected SDK: nRF Connect SDK

Environment Check
- python3: /opt/homebrew/bin/python3
- west: /Users/haohua/coding/AirHealth/SW/FW/vendor-sdk/.venv-fw-init/bin/west
- cmake: /opt/homebrew/bin/cmake
- ninja: /opt/homebrew/bin/ninja
- arm-zephyr-eabi-gcc: missing
- arm-none-eabi-gcc: /opt/homebrew/bin/arm-none-eabi-gcc
- nrfutil: /opt/homebrew/bin/nrfutil
- SDK path: /Users/haohua/coding/AirHealth/SW/FW/vendor-sdk/nordic/ncs
- SDK revision request: v3.2.4
- SDK revision resolved: v3.2.4
- SDK action: installed vendor SDK

Actions Taken
-  Installed west into /Users/haohua/coding/AirHealth/SW/FW/vendor-sdk/.venv-fw-init
-  Initialized nRF Connect SDK workspace at /Users/haohua/coding/AirHealth/SW/FW/vendor-sdk/nordic/ncs
-  Updated nRF Connect SDK modules in /Users/haohua/coding/AirHealth/SW/FW/vendor-sdk/nordic/ncs

Remaining Gaps
-  none
